
Memory Configuration

Name             Origin             Length             Attributes
*default*        0x0000000000000000 0xffffffffffffffff

Linker script and memory map

LOAD /home/zhai/myspace/stupidos/build/boot.o
LOAD /home/zhai/myspace/stupidos/build/entry.o
LOAD /home/zhai/myspace/stupidos/build/early_uart.o
LOAD /home/zhai/myspace/stupidos/build/trap.o
LOAD /home/zhai/myspace/stupidos/build/mm.o
LOAD /home/zhai/myspace/stupidos/build/uart.o
LOAD /home/zhai/myspace/stupidos/build/printk.o
LOAD /home/zhai/myspace/stupidos/build/string.o
LOAD /home/zhai/myspace/stupidos/build/kernel.o
                0x0000000000080000                . = 0x80000

.text.boot      0x0000000000080000       0xe0
 *(.text.boot)
 .text.boot     0x0000000000080000       0xe0 /home/zhai/myspace/stupidos/build/boot.o
                0x0000000000080000                _start

.text           0x0000000000080800     0x2364
 *(.text)
 .text          0x0000000000080800        0x0 /home/zhai/myspace/stupidos/build/boot.o
 .text          0x0000000000080800      0x820 /home/zhai/myspace/stupidos/build/entry.o
                0x0000000000080800                vectors
                0x0000000000081006                trigger_alignment
 .text          0x0000000000081020      0x108 /home/zhai/myspace/stupidos/build/early_uart.o
                0x0000000000081020                early_uart_init
                0x0000000000081098                early_uart_put_char
                0x00000000000810bc                early_uart_put_string
 .text          0x0000000000081128       0x50 /home/zhai/myspace/stupidos/build/trap.o
                0x0000000000081128                bad_mode
 .text          0x0000000000081178       0x18 /home/zhai/myspace/stupidos/build/mm.o
                0x0000000000081178                memzero
 .text          0x0000000000081190      0x554 /home/zhai/myspace/stupidos/build/uart.o
                0x00000000000815c8                uart_putchar
                0x00000000000815fc                uart_getchar
                0x0000000000081630                uart_send_string
                0x0000000000081688                uart_init
 .text          0x00000000000816e4     0x1328 /home/zhai/myspace/stupidos/build/printk.o
                0x00000000000828e4                sprintf
                0x0000000000082970                printk
 .text          0x0000000000082a0c       0x44 /home/zhai/myspace/stupidos/build/string.o
                0x0000000000082a0c                strlen
 .text          0x0000000000082a50      0x114 /home/zhai/myspace/stupidos/build/kernel.o
                0x0000000000082a50                kernel_main

.iplt           0x0000000000082b64        0x0
 .iplt          0x0000000000082b64        0x0 /home/zhai/myspace/stupidos/build/boot.o

.rodata         0x0000000000082b68      0x15a
 *(.rodata)
 .rodata        0x0000000000082b68       0x56 /home/zhai/myspace/stupidos/build/trap.o
 *fill*         0x0000000000082bbe        0x2 
 .rodata        0x0000000000082bc0       0x4d /home/zhai/myspace/stupidos/build/printk.o
 *fill*         0x0000000000082c0d        0x3 
 .rodata        0x0000000000082c10       0xb2 /home/zhai/myspace/stupidos/build/kernel.o

.eh_frame       0x0000000000082cc8      0x2b8
 .eh_frame      0x0000000000082cc8       0x38 /home/zhai/myspace/stupidos/build/trap.o
 .eh_frame      0x0000000000082d00      0x1b8 /home/zhai/myspace/stupidos/build/uart.o
                                        0x1d0 (size before relaxing)
 .eh_frame      0x0000000000082eb8       0x98 /home/zhai/myspace/stupidos/build/printk.o
                                         0xb0 (size before relaxing)
 .eh_frame      0x0000000000082f50       0x18 /home/zhai/myspace/stupidos/build/string.o
                                         0x30 (size before relaxing)
 .eh_frame      0x0000000000082f68       0x18 /home/zhai/myspace/stupidos/build/kernel.o
                                         0x30 (size before relaxing)

.rela.dyn       0x0000000000082f80        0x0
 .rela.iplt     0x0000000000082f80        0x0 /home/zhai/myspace/stupidos/build/boot.o
 .rela.text.boot
                0x0000000000082f80        0x0 /home/zhai/myspace/stupidos/build/boot.o

.data           0x0000000000082f80       0x55
 *(.data)
 .data          0x0000000000082f80       0x55 /home/zhai/myspace/stupidos/build/boot.o
                0x0000000000082fd3                testerror
 .data          0x0000000000082fd5        0x0 /home/zhai/myspace/stupidos/build/entry.o
 .data          0x0000000000082fd5        0x0 /home/zhai/myspace/stupidos/build/early_uart.o
 .data          0x0000000000082fd5        0x0 /home/zhai/myspace/stupidos/build/trap.o
 .data          0x0000000000082fd5        0x0 /home/zhai/myspace/stupidos/build/mm.o
 .data          0x0000000000082fd5        0x0 /home/zhai/myspace/stupidos/build/uart.o
 .data          0x0000000000082fd5        0x0 /home/zhai/myspace/stupidos/build/printk.o
 .data          0x0000000000082fd5        0x0 /home/zhai/myspace/stupidos/build/string.o
 .data          0x0000000000082fd5        0x0 /home/zhai/myspace/stupidos/build/kernel.o

.igot.plt       0x0000000000082fd8        0x0
 .igot.plt      0x0000000000082fd8        0x0 /home/zhai/myspace/stupidos/build/boot.o

.data.rel.ro.local
                0x0000000000082fd8       0x20
 .data.rel.ro.local
                0x0000000000082fd8       0x20 /home/zhai/myspace/stupidos/build/trap.o
                0x0000000000082ff8                . = ALIGN (0x8)
                0x0000000000082ff8                bss_start = .

.bss            0x0000000000082ff8     0x120c
 *(.bss*)
 .bss           0x0000000000082ff8        0x0 /home/zhai/myspace/stupidos/build/boot.o
 .bss           0x0000000000082ff8        0x0 /home/zhai/myspace/stupidos/build/entry.o
 .bss           0x0000000000082ff8        0x0 /home/zhai/myspace/stupidos/build/early_uart.o
 .bss           0x0000000000082ff8        0x0 /home/zhai/myspace/stupidos/build/trap.o
 .bss           0x0000000000082ff8        0x0 /home/zhai/myspace/stupidos/build/mm.o
 .bss           0x0000000000082ff8        0x0 /home/zhai/myspace/stupidos/build/uart.o
 .bss           0x0000000000082ff8     0x1000 /home/zhai/myspace/stupidos/build/printk.o
                0x0000000000082ff8                printk_buffer
 .bss           0x0000000000083ff8        0x0 /home/zhai/myspace/stupidos/build/string.o
 .bss           0x0000000000083ff8      0x20c /home/zhai/myspace/stupidos/build/kernel.o
                0x0000000000083ff8                buffer
                0x00000000000841f8                mac
                0x0000000000084200                ip
                0x0000000000084204                bss_end = .
OUTPUT(stupidos.elf elf64-littleaarch64)
LOAD linker stubs

.debug_line     0x0000000000000000      0x9df
 .debug_line    0x0000000000000000       0x78 /home/zhai/myspace/stupidos/build/boot.o
 .debug_line    0x0000000000000078       0x76 /home/zhai/myspace/stupidos/build/entry.o
 .debug_line    0x00000000000000ee       0x7e /home/zhai/myspace/stupidos/build/early_uart.o
 .debug_line    0x000000000000016c       0x73 /home/zhai/myspace/stupidos/build/trap.o
 .debug_line    0x00000000000001df       0x50 /home/zhai/myspace/stupidos/build/mm.o
 .debug_line    0x000000000000022f      0x1a0 /home/zhai/myspace/stupidos/build/uart.o
 .debug_line    0x00000000000003cf      0x509 /home/zhai/myspace/stupidos/build/printk.o
 .debug_line    0x00000000000008d8       0x7a /home/zhai/myspace/stupidos/build/string.o
 .debug_line    0x0000000000000952       0x8d /home/zhai/myspace/stupidos/build/kernel.o

.debug_line_str
                0x0000000000000000      0x229
 .debug_line_str
                0x0000000000000000       0x44 /home/zhai/myspace/stupidos/build/boot.o
                                         0x4b (size before relaxing)
 .debug_line_str
                0x0000000000000044        0x8 /home/zhai/myspace/stupidos/build/entry.o
                                         0x4d (size before relaxing)
 .debug_line_str
                0x000000000000004c        0xd /home/zhai/myspace/stupidos/build/early_uart.o
                                         0x57 (size before relaxing)
 .debug_line_str
                0x0000000000000059       0x75 /home/zhai/myspace/stupidos/build/trap.o
                                         0xc3 (size before relaxing)
 .debug_line_str
                0x00000000000000ce       0x24 /home/zhai/myspace/stupidos/build/mm.o
                                         0x45 (size before relaxing)
 .debug_line_str
                0x00000000000000f2       0x4f /home/zhai/myspace/stupidos/build/uart.o
                                         0xab (size before relaxing)
 .debug_line_str
                0x0000000000000141       0x90 /home/zhai/myspace/stupidos/build/printk.o
                                        0x11b (size before relaxing)
 .debug_line_str
                0x00000000000001d1       0x2c /home/zhai/myspace/stupidos/build/string.o
                                         0xaf (size before relaxing)
 .debug_line_str
                0x00000000000001fd       0x2c /home/zhai/myspace/stupidos/build/kernel.o
                                         0xd7 (size before relaxing)

.debug_info     0x0000000000000000     0x11ff
 .debug_info    0x0000000000000000       0x29 /home/zhai/myspace/stupidos/build/boot.o
 .debug_info    0x0000000000000029       0x29 /home/zhai/myspace/stupidos/build/entry.o
 .debug_info    0x0000000000000052       0x29 /home/zhai/myspace/stupidos/build/early_uart.o
 .debug_info    0x000000000000007b      0x1b5 /home/zhai/myspace/stupidos/build/trap.o
 .debug_info    0x0000000000000230       0x28 /home/zhai/myspace/stupidos/build/mm.o
 .debug_info    0x0000000000000258      0x7c2 /home/zhai/myspace/stupidos/build/uart.o
 .debug_info    0x0000000000000a1a      0x523 /home/zhai/myspace/stupidos/build/printk.o
 .debug_info    0x0000000000000f3d       0xce /home/zhai/myspace/stupidos/build/string.o
 .debug_info    0x000000000000100b      0x1f4 /home/zhai/myspace/stupidos/build/kernel.o

.debug_abbrev   0x0000000000000000      0x664
 .debug_abbrev  0x0000000000000000       0x14 /home/zhai/myspace/stupidos/build/boot.o
 .debug_abbrev  0x0000000000000014       0x14 /home/zhai/myspace/stupidos/build/entry.o
 .debug_abbrev  0x0000000000000028       0x14 /home/zhai/myspace/stupidos/build/early_uart.o
 .debug_abbrev  0x000000000000003c      0x13e /home/zhai/myspace/stupidos/build/trap.o
 .debug_abbrev  0x000000000000017a       0x14 /home/zhai/myspace/stupidos/build/mm.o
 .debug_abbrev  0x000000000000018e      0x126 /home/zhai/myspace/stupidos/build/uart.o
 .debug_abbrev  0x00000000000002b4      0x1f5 /home/zhai/myspace/stupidos/build/printk.o
 .debug_abbrev  0x00000000000004a9       0x82 /home/zhai/myspace/stupidos/build/string.o
 .debug_abbrev  0x000000000000052b      0x139 /home/zhai/myspace/stupidos/build/kernel.o

.debug_aranges  0x0000000000000000      0x1b0
 .debug_aranges
                0x0000000000000000       0x30 /home/zhai/myspace/stupidos/build/boot.o
 .debug_aranges
                0x0000000000000030       0x30 /home/zhai/myspace/stupidos/build/entry.o
 .debug_aranges
                0x0000000000000060       0x30 /home/zhai/myspace/stupidos/build/early_uart.o
 .debug_aranges
                0x0000000000000090       0x30 /home/zhai/myspace/stupidos/build/trap.o
 .debug_aranges
                0x00000000000000c0       0x30 /home/zhai/myspace/stupidos/build/mm.o
 .debug_aranges
                0x00000000000000f0       0x30 /home/zhai/myspace/stupidos/build/uart.o
 .debug_aranges
                0x0000000000000120       0x30 /home/zhai/myspace/stupidos/build/printk.o
 .debug_aranges
                0x0000000000000150       0x30 /home/zhai/myspace/stupidos/build/string.o
 .debug_aranges
                0x0000000000000180       0x30 /home/zhai/myspace/stupidos/build/kernel.o

.debug_str      0x0000000000000000      0x41d
 .debug_str     0x0000000000000000       0x50 /home/zhai/myspace/stupidos/build/boot.o
 .debug_str     0x0000000000000050       0x29 /home/zhai/myspace/stupidos/build/entry.o
                                         0x51 (size before relaxing)
 .debug_str     0x0000000000000079       0x2e /home/zhai/myspace/stupidos/build/early_uart.o
                                         0x56 (size before relaxing)
 .debug_str     0x00000000000000a7      0x11a /home/zhai/myspace/stupidos/build/trap.o
                                        0x14a (size before relaxing)
 .debug_str     0x00000000000001c1       0x24 /home/zhai/myspace/stupidos/build/mm.o
                                         0x4c (size before relaxing)
 .debug_str     0x00000000000001e5      0x13a /home/zhai/myspace/stupidos/build/uart.o
                                        0x227 (size before relaxing)
 .debug_str     0x000000000000031f       0xc6 /home/zhai/myspace/stupidos/build/printk.o
                                        0x1fe (size before relaxing)
 .debug_str     0x00000000000003e5       0xf4 /home/zhai/myspace/stupidos/build/string.o
 .debug_str     0x00000000000003e5       0x38 /home/zhai/myspace/stupidos/build/kernel.o
                                        0x187 (size before relaxing)

.comment        0x0000000000000000       0x2b
 .comment       0x0000000000000000       0x2b /home/zhai/myspace/stupidos/build/trap.o
                                         0x2c (size before relaxing)
 .comment       0x000000000000002b       0x2c /home/zhai/myspace/stupidos/build/uart.o
 .comment       0x000000000000002b       0x2c /home/zhai/myspace/stupidos/build/printk.o
 .comment       0x000000000000002b       0x2c /home/zhai/myspace/stupidos/build/string.o
 .comment       0x000000000000002b       0x2c /home/zhai/myspace/stupidos/build/kernel.o

.note.GNU-stack
                0x0000000000000000        0x0
 .note.GNU-stack
                0x0000000000000000        0x0 /home/zhai/myspace/stupidos/build/trap.o
 .note.GNU-stack
                0x0000000000000000        0x0 /home/zhai/myspace/stupidos/build/uart.o
 .note.GNU-stack
                0x0000000000000000        0x0 /home/zhai/myspace/stupidos/build/printk.o
 .note.GNU-stack
                0x0000000000000000        0x0 /home/zhai/myspace/stupidos/build/string.o
 .note.GNU-stack
                0x0000000000000000        0x0 /home/zhai/myspace/stupidos/build/kernel.o
