
Memory Configuration

Name             Origin             Length             Attributes
*default*        0x0000000000000000 0xffffffffffffffff

Linker script and memory map

LOAD /home/zhai/myspace/stupidos/build/boot.o
LOAD /home/zhai/myspace/stupidos/build/early_uart.o
LOAD /home/zhai/myspace/stupidos/build/mm.o
LOAD /home/zhai/myspace/stupidos/build/uart.o
LOAD /home/zhai/myspace/stupidos/build/printk.o
LOAD /home/zhai/myspace/stupidos/build/string.o
LOAD /home/zhai/myspace/stupidos/build/kernel.o
                0x0000000000080000                . = 0x80000

.text.boot      0x0000000000080000       0x40
 *(.text.boot)
 .text.boot     0x0000000000080000       0x40 /home/zhai/myspace/stupidos/build/boot.o
                0x0000000000080000                _start

.text           0x0000000000080040     0x195c
 *(.text)
 .text          0x0000000000080040        0x0 /home/zhai/myspace/stupidos/build/boot.o
 .text          0x0000000000080040      0x108 /home/zhai/myspace/stupidos/build/early_uart.o
                0x0000000000080040                early_uart_init
                0x00000000000800dc                early_uart_put_string
 .text          0x0000000000080148       0x18 /home/zhai/myspace/stupidos/build/mm.o
                0x0000000000080148                memzero
 .text          0x0000000000080160      0x510 /home/zhai/myspace/stupidos/build/uart.o
                0x0000000000080500                uart_send
                0x0000000000080550                uart_recv
                0x0000000000080598                uart_send_string
                0x0000000000080614                uart_init
 .text          0x0000000000080670     0x1288 /home/zhai/myspace/stupidos/build/printk.o
                0x0000000000080abc                vsprintf
                0x000000000008186c                sprintf
 .text          0x00000000000818f8       0x44 /home/zhai/myspace/stupidos/build/string.o
                0x00000000000818f8                strlen
 .text          0x000000000008193c       0x60 /home/zhai/myspace/stupidos/build/kernel.o
                0x000000000008193c                kernel_main

.iplt           0x000000000008199c        0x0
 .iplt          0x000000000008199c        0x0 /home/zhai/myspace/stupidos/build/boot.o

.rodata         0x00000000000819a0       0x7a
 *(.rodata)
 .rodata        0x00000000000819a0       0x4d /home/zhai/myspace/stupidos/build/printk.o
 *fill*         0x00000000000819ed        0x3 
 .rodata        0x00000000000819f0       0x2a /home/zhai/myspace/stupidos/build/kernel.o

.eh_frame       0x0000000000081a20      0x23c
 .eh_frame      0x0000000000081a20      0x190 /home/zhai/myspace/stupidos/build/uart.o
 .eh_frame      0x0000000000081bb0       0x78 /home/zhai/myspace/stupidos/build/printk.o
                                         0x90 (size before relaxing)
 .eh_frame      0x0000000000081c28       0x18 /home/zhai/myspace/stupidos/build/string.o
                                         0x30 (size before relaxing)
 .eh_frame      0x0000000000081c40       0x1c /home/zhai/myspace/stupidos/build/kernel.o
                                         0x30 (size before relaxing)

.rela.dyn       0x0000000000081c60        0x0
 .rela.text.boot
                0x0000000000081c60        0x0 /home/zhai/myspace/stupidos/build/boot.o
 .rela.iplt     0x0000000000081c60        0x0 /home/zhai/myspace/stupidos/build/boot.o

.data           0x0000000000081c60       0x24
 *(.data)
 .data          0x0000000000081c60       0x24 /home/zhai/myspace/stupidos/build/boot.o
 .data          0x0000000000081c84        0x0 /home/zhai/myspace/stupidos/build/early_uart.o
 .data          0x0000000000081c84        0x0 /home/zhai/myspace/stupidos/build/mm.o
 .data          0x0000000000081c84        0x0 /home/zhai/myspace/stupidos/build/uart.o
 .data          0x0000000000081c84        0x0 /home/zhai/myspace/stupidos/build/printk.o
 .data          0x0000000000081c84        0x0 /home/zhai/myspace/stupidos/build/string.o
 .data          0x0000000000081c84        0x0 /home/zhai/myspace/stupidos/build/kernel.o

.igot.plt       0x0000000000081c88        0x0
 .igot.plt      0x0000000000081c88        0x0 /home/zhai/myspace/stupidos/build/boot.o
                0x0000000000081c88                . = ALIGN (0x8)
                0x0000000000081c88                bss_start = .

.bss            0x0000000000081c88        0x0
 *(.bss*)
 .bss           0x0000000000081c88        0x0 /home/zhai/myspace/stupidos/build/boot.o
 .bss           0x0000000000081c88        0x0 /home/zhai/myspace/stupidos/build/early_uart.o
 .bss           0x0000000000081c88        0x0 /home/zhai/myspace/stupidos/build/mm.o
 .bss           0x0000000000081c88        0x0 /home/zhai/myspace/stupidos/build/uart.o
 .bss           0x0000000000081c88        0x0 /home/zhai/myspace/stupidos/build/printk.o
 .bss           0x0000000000081c88        0x0 /home/zhai/myspace/stupidos/build/string.o
 .bss           0x0000000000081c88        0x0 /home/zhai/myspace/stupidos/build/kernel.o
                0x0000000000081c88                bss_end = .
OUTPUT(stupidos.elf elf64-littleaarch64)
LOAD linker stubs

.debug_line     0x0000000000000000      0x889
 .debug_line    0x0000000000000000       0x58 /home/zhai/myspace/stupidos/build/boot.o
 .debug_line    0x0000000000000058       0x7e /home/zhai/myspace/stupidos/build/early_uart.o
 .debug_line    0x00000000000000d6       0x50 /home/zhai/myspace/stupidos/build/mm.o
 .debug_line    0x0000000000000126      0x187 /home/zhai/myspace/stupidos/build/uart.o
 .debug_line    0x00000000000002ad      0x4ed /home/zhai/myspace/stupidos/build/printk.o
 .debug_line    0x000000000000079a       0x7a /home/zhai/myspace/stupidos/build/string.o
 .debug_line    0x0000000000000814       0x75 /home/zhai/myspace/stupidos/build/kernel.o

.debug_line_str
                0x0000000000000000      0x1ee
 .debug_line_str
                0x0000000000000000       0x44 /home/zhai/myspace/stupidos/build/boot.o
                                         0x4b (size before relaxing)
 .debug_line_str
                0x0000000000000044        0xd /home/zhai/myspace/stupidos/build/early_uart.o
                                         0x57 (size before relaxing)
 .debug_line_str
                0x0000000000000051       0x24 /home/zhai/myspace/stupidos/build/mm.o
                                         0x45 (size before relaxing)
 .debug_line_str
                0x0000000000000075       0x65 /home/zhai/myspace/stupidos/build/uart.o
                                         0xab (size before relaxing)
 .debug_line_str
                0x00000000000000da       0x9c /home/zhai/myspace/stupidos/build/printk.o
                                        0x104 (size before relaxing)
 .debug_line_str
                0x0000000000000176       0x2c /home/zhai/myspace/stupidos/build/string.o
                                         0xaf (size before relaxing)
 .debug_line_str
                0x00000000000001a2       0x4c /home/zhai/myspace/stupidos/build/kernel.o
                                         0xd7 (size before relaxing)

.debug_info     0x0000000000000000      0xe94
 .debug_info    0x0000000000000000       0x28 /home/zhai/myspace/stupidos/build/boot.o
 .debug_info    0x0000000000000028       0x29 /home/zhai/myspace/stupidos/build/early_uart.o
 .debug_info    0x0000000000000051       0x28 /home/zhai/myspace/stupidos/build/mm.o
 .debug_info    0x0000000000000079      0x762 /home/zhai/myspace/stupidos/build/uart.o
 .debug_info    0x00000000000007db      0x4a3 /home/zhai/myspace/stupidos/build/printk.o
 .debug_info    0x0000000000000c7e       0xce /home/zhai/myspace/stupidos/build/string.o
 .debug_info    0x0000000000000d4c      0x148 /home/zhai/myspace/stupidos/build/kernel.o

.debug_abbrev   0x0000000000000000      0x478
 .debug_abbrev  0x0000000000000000       0x14 /home/zhai/myspace/stupidos/build/boot.o
 .debug_abbrev  0x0000000000000014       0x14 /home/zhai/myspace/stupidos/build/early_uart.o
 .debug_abbrev  0x0000000000000028       0x14 /home/zhai/myspace/stupidos/build/mm.o
 .debug_abbrev  0x000000000000003c      0x126 /home/zhai/myspace/stupidos/build/uart.o
 .debug_abbrev  0x0000000000000162      0x1ba /home/zhai/myspace/stupidos/build/printk.o
 .debug_abbrev  0x000000000000031c       0x82 /home/zhai/myspace/stupidos/build/string.o
 .debug_abbrev  0x000000000000039e       0xda /home/zhai/myspace/stupidos/build/kernel.o

.debug_aranges  0x0000000000000000      0x150
 .debug_aranges
                0x0000000000000000       0x30 /home/zhai/myspace/stupidos/build/boot.o
 .debug_aranges
                0x0000000000000030       0x30 /home/zhai/myspace/stupidos/build/early_uart.o
 .debug_aranges
                0x0000000000000060       0x30 /home/zhai/myspace/stupidos/build/mm.o
 .debug_aranges
                0x0000000000000090       0x30 /home/zhai/myspace/stupidos/build/uart.o
 .debug_aranges
                0x00000000000000c0       0x30 /home/zhai/myspace/stupidos/build/printk.o
 .debug_aranges
                0x00000000000000f0       0x30 /home/zhai/myspace/stupidos/build/string.o
 .debug_aranges
                0x0000000000000120       0x30 /home/zhai/myspace/stupidos/build/kernel.o

.debug_str      0x0000000000000000      0x361
 .debug_str     0x0000000000000000       0x50 /home/zhai/myspace/stupidos/build/boot.o
 .debug_str     0x0000000000000050       0x2e /home/zhai/myspace/stupidos/build/early_uart.o
                                         0x56 (size before relaxing)
 .debug_str     0x000000000000007e       0x24 /home/zhai/myspace/stupidos/build/mm.o
                                         0x4c (size before relaxing)
 .debug_str     0x00000000000000a2      0x1f4 /home/zhai/myspace/stupidos/build/uart.o
                                        0x20d (size before relaxing)
 .debug_str     0x0000000000000296       0xbf /home/zhai/myspace/stupidos/build/printk.o
                                        0x1d8 (size before relaxing)
 .debug_str     0x0000000000000355       0xf4 /home/zhai/myspace/stupidos/build/string.o
 .debug_str     0x0000000000000355        0xc /home/zhai/myspace/stupidos/build/kernel.o
                                        0x149 (size before relaxing)

.comment        0x0000000000000000       0x2b
 .comment       0x0000000000000000       0x2b /home/zhai/myspace/stupidos/build/uart.o
                                         0x2c (size before relaxing)
 .comment       0x000000000000002b       0x2c /home/zhai/myspace/stupidos/build/printk.o
 .comment       0x000000000000002b       0x2c /home/zhai/myspace/stupidos/build/string.o
 .comment       0x000000000000002b       0x2c /home/zhai/myspace/stupidos/build/kernel.o

.note.GNU-stack
                0x0000000000000000        0x0
 .note.GNU-stack
                0x0000000000000000        0x0 /home/zhai/myspace/stupidos/build/uart.o
 .note.GNU-stack
                0x0000000000000000        0x0 /home/zhai/myspace/stupidos/build/printk.o
 .note.GNU-stack
                0x0000000000000000        0x0 /home/zhai/myspace/stupidos/build/string.o
 .note.GNU-stack
                0x0000000000000000        0x0 /home/zhai/myspace/stupidos/build/kernel.o
